error TS2688: Cannot find type definition file for 'node'.
  The file is in the program because:
    Entry point of type library 'node' specified in compilerOptions
error TS2688: Cannot find type definition file for 'vite/client'.
  The file is in the program because:
    Entry point of type library 'vite/client' specified in compilerOptions
